[2026-09-07 06:28:21Z INFO HostContext] Well known directory 'Root': '/data/cb16_ci/github-runner-canonical'
[2026-09-07 06:28:21Z INFO HostContext] Well known config file 'MigratedRunner': '/data/cb16_ci/github-runner-canonical/.runner_migrated'
[2026-09-07 06:28:21Z INFO ConfigurationStore] MigratedConfigFilePath: /data/cb16_ci/github-runner-canonical/.runner_migrated
[2026-09-07 06:28:21Z INFO HostContext] Well known directory 'Bin': '/data/cb16_ci/github-runner-canonical/bin'
[2026-09-07 06:28:21Z INFO HostContext] Well known directory 'Root': '/data/cb16_ci/github-runner-canonical'
[2026-09-07 06:28:21Z INFO HostContext] Well known config file 'Credentials': '/data/cb16_ci/github-runner-canonical/.credentials'
[2026-09-07 06:28:21Z INFO ConfigurationStore] CredFilePath: /data/cb16_ci/github-runner-canonical/.credentials
[2026-09-07 06:28:21Z INFO HostContext] Well known directory 'Bin': '/data/cb16_ci/github-runner-canonical/bin'
[2026-09-07 06:28:21Z INFO HostContext] Well known directory 'Root': '/data/cb16_ci/github-runner-canonical'
[2026-09-07 06:28:21Z INFO HostContext] Well known config file 'MigratedCredentials': '/data/cb16_ci/github-runner-canonical/.credentials_migrated'
[2026-09-07 06:28:21Z INFO ConfigurationStore] MigratedCredFilePath: /data/cb16_ci/github-runner-canonical/.credentials_migrated
[2026-09-07 06:28:21Z INFO HostContext] Well known directory 'Bin': '/data/cb16_ci/github-runner-canonical/bin'
[2026-09-07 06:28:21Z INFO HostContext] Well known directory 'Root': '/data/cb16_ci/github-runner-canonical'
[2026-09-07 06:28:21Z INFO HostContext] Well known config file 'Service': '/data/cb16_ci/github-runner-canonical/.service'
[2026-09-07 06:28:21Z INFO ConfigurationStore] ServiceConfigFilePath: /data/cb16_ci/github-runner-canonical/.service
[2026-09-07 06:28:21Z INFO CommandSettings] Flag 'help': 'False'
[2026-09-07 06:28:21Z INFO CommandSettings] Flag 'version': 'False'
[2026-09-07 06:28:21Z INFO CommandSettings] Flag 'commit': 'False'
[2026-09-07 06:28:21Z INFO CommandSettings] Flag 'check': 'False'
[2026-09-07 06:28:21Z INFO CommandSettings] Command 'configure': 'False'
[2026-09-07 06:28:21Z INFO CommandSettings] Command 'remove': 'False'
[2026-09-07 06:28:21Z INFO CommandSettings] Command 'warmup': 'False'
[2026-09-07 06:28:21Z INFO ConfigurationManager] LoadSettings
[2026-09-07 06:28:21Z INFO ConfigurationStore] IsConfigured()
[2026-09-07 06:28:21Z INFO ConfigurationStore] IsConfigured: True
[2026-09-07 06:28:21Z INFO ConfigurationManager] Is configured: True
[2026-09-07 06:28:21Z INFO ConfigurationStore] Read setting file: 395 chars
[2026-09-07 06:28:21Z INFO ConfigurationManager] Settings Loaded
[2026-09-07 06:28:21Z INFO ConfigurationStore] IsServiceConfigured()
[2026-09-07 06:28:21Z INFO ConfigurationStore] IsServiceConfigured: False
[2026-09-07 06:28:21Z INFO CommandSettings] Command 'run': 'True'
[2026-09-07 06:28:21Z INFO ConfigurationStore] IsConfigured()
[2026-09-07 06:28:21Z INFO ConfigurationStore] IsConfigured: True
[2026-09-07 06:28:21Z INFO ConfigurationManager] Is configured: True
[2026-09-07 06:28:21Z INFO Runner] Could not parse the argument value '' for StartupType. Defaulting to Manual
[2026-09-07 06:28:21Z INFO Runner] Set runner startup type - Manual
[2026-09-07 06:28:21Z INFO CommandSettings] Flag 'once': 'False'
[2026-09-07 06:28:21Z INFO CommandSettings] Flag 'once': 'False'
[2026-09-07 06:28:21Z INFO Runner] RunAsync
[2026-09-07 06:28:21Z INFO HostContext] Well known directory 'Bin': '/data/cb16_ci/github-runner-canonical/bin'
[2026-09-07 06:28:21Z INFO HostContext] Well known directory 'Root': '/data/cb16_ci/github-runner-canonical'
[2026-09-07 06:28:21Z INFO HostContext] Well known directory 'Work': '/data/cb16_ci/github-runner-canonical/_work'
[2026-09-07 06:28:21Z INFO Runner] Validating directory permissions for: '/data/cb16_ci/github-runner-canonical/_work'
[2026-09-07 06:28:21Z INFO ConfigurationManager] LoadMigratedSettings
[2026-09-07 06:28:21Z INFO ConfigurationStore] IsMigratedConfigured()
[2026-09-07 06:28:21Z INFO ConfigurationStore] IsMigratedConfigured: True
[2026-09-07 06:28:21Z INFO ConfigurationStore] Read migrated setting file: 395 chars
[2026-09-07 06:28:21Z INFO ConfigurationManager] Migrated Settings Loaded
[2026-09-07 06:28:21Z INFO Runner] Loaded migrated settings from .runner_migrated file
[2026-09-07 06:28:21Z INFO Runner] {
  "AgentId": 22,
  "AgentName": "shanxi-cb16-r10-canonical",
  "PoolId": 1,
  "PoolName": "Default",
  "ServerUrl": "https://pipelinesghubeus21.actions.githubusercontent.com/pZzp2BVF9FbC0ouNPH5ZDdCCRZXYD9QJdd7Hn0kUGPETFRxu8y/",
  "GitHubUrl": "https://github.com/GY-Bai/CB16-R10",
  "WorkFolder": "_work",
  "UseV2Flow": true,
  "ServerUrlV2": "https://broker.actions.githubusercontent.com/"
}
[2026-09-07 06:28:21Z INFO Runner] Attempting to create session using migrated settings
[2026-09-07 06:28:21Z INFO Runner] Using BrokerMessageListener
[2026-09-07 06:28:21Z INFO BrokerMessageListener] Using provided settings
[2026-09-07 06:28:21Z INFO BrokerMessageListener] Using migrated settings from .runner_migrated
[2026-09-07 06:28:21Z INFO BrokerMessageListener] {
  "AgentId": 22,
  "AgentName": "shanxi-cb16-r10-canonical",
  "PoolId": 1,
  "PoolName": "Default",
  "ServerUrl": "https://pipelinesghubeus21.actions.githubusercontent.com/pZzp2BVF9FbC0ouNPH5ZDdCCRZXYD9QJdd7Hn0kUGPETFRxu8y/",
  "GitHubUrl": "https://github.com/GY-Bai/CB16-R10",
  "WorkFolder": "_work",
  "UseV2Flow": true,
  "ServerUrlV2": "https://broker.actions.githubusercontent.com/"
}
[2026-09-07 06:28:21Z INFO BrokerMessageListener] Loading Credentials
[2026-09-07 06:28:21Z INFO ConfigurationStore] HasCredentials()
[2026-09-07 06:28:21Z INFO ConfigurationStore] stored True
[2026-09-07 06:28:21Z INFO CredentialManager] GetCredentialProvider
[2026-09-07 06:28:21Z INFO CredentialManager] Creating type OAuth
[2026-09-07 06:28:21Z INFO CredentialManager] Creating credential type: OAuth
[2026-09-07 06:28:21Z INFO HostContext] Well known directory 'Bin': '/data/cb16_ci/github-runner-canonical/bin'
[2026-09-07 06:28:21Z INFO HostContext] Well known directory 'Root': '/data/cb16_ci/github-runner-canonical'
[2026-09-07 06:28:21Z INFO HostContext] Well known config file 'RSACredentials': '/data/cb16_ci/github-runner-canonical/.credentials_rsaparams'
[2026-09-07 06:28:21Z INFO RSAFileKeyManager] Loading RSA key parameters from file /data/cb16_ci/github-runner-canonical/.credentials_rsaparams
[2026-09-07 06:28:21Z INFO BrokerMessageListener] Attempt to create session.
[2026-09-07 06:28:21Z INFO BrokerMessageListener] Connecting to the Broker Server...
[2026-09-07 06:28:21Z INFO ConfigurationStore] HasCredentials()
[2026-09-07 06:28:21Z INFO ConfigurationStore] stored True
[2026-09-07 06:28:21Z INFO CredentialManager] GetCredentialProvider
[2026-09-07 06:28:21Z INFO CredentialManager] Creating type OAuth
[2026-09-07 06:28:21Z INFO CredentialManager] Creating credential type: OAuth
[2026-09-07 06:28:21Z INFO RSAFileKeyManager] Loading RSA key parameters from file /data/cb16_ci/github-runner-canonical/.credentials_rsaparams
[2026-09-07 06:28:21Z INFO BrokerMessageListener] VssConnection created
[2026-09-07 06:28:21Z INFO BrokerMessageListener] Connecting to the Runner server...
[2026-09-07 06:28:21Z INFO RunnerServer] EstablishVssConnection
[2026-09-07 06:28:21Z INFO RunnerServer] Establish connection with 100 seconds timeout.
[2026-09-07 06:28:21Z INFO GitHubActionsService] Starting operation Location.GetConnectionData
[2026-09-07 06:28:22Z INFO RunnerServer] EstablishVssConnection
[2026-09-07 06:28:22Z INFO RunnerServer] Establish connection with 60 seconds timeout.
[2026-09-07 06:28:22Z INFO GitHubActionsService] Starting operation Location.GetConnectionData
[2026-09-07 06:28:22Z INFO RunnerServer] EstablishVssConnection
[2026-09-07 06:28:22Z INFO RunnerServer] Establish connection with 60 seconds timeout.
[2026-09-07 06:28:22Z INFO GitHubActionsService] Starting operation Location.GetConnectionData
[2026-09-07 06:28:28Z INFO GitHubActionsService] Finished operation Location.GetConnectionData
[2026-09-07 06:28:28Z INFO GitHubActionsService] Finished operation Location.GetConnectionData
[2026-09-07 06:28:30Z INFO GitHubActionsService] Finished operation Location.GetConnectionData
[2026-09-07 06:28:31Z INFO BrokerMessageListener] VssConnection created
[2026-09-07 06:28:31Z INFO Terminal] WRITE LINE: 
[2026-09-07 06:28:31Z INFO Terminal] WRITE LINE: 
[2026-09-07 06:28:31Z INFO RSAFileKeyManager] Loading RSA key parameters from file /data/cb16_ci/github-runner-canonical/.credentials_rsaparams
[2026-09-07 06:28:31Z INFO RSAFileKeyManager] Loading RSA key parameters from file /data/cb16_ci/github-runner-canonical/.credentials_rsaparams
[2026-09-07 06:28:37Z INFO GitHubActionsService] AAD Correlation ID for this token request: Unknown
[2026-09-07 06:28:37Z WARN GitHubActionsService] Retrieving an AAD auth token took a long time (6.6651363 seconds)
[2026-09-07 06:28:44Z INFO BrokerMessageListener] Session created.
[2026-09-07 06:28:44Z INFO Runner] Successfully created session with migrated settings
[2026-09-07 06:28:44Z INFO Terminal] WRITE LINE: Current runner version: '2.337.0'
[2026-09-07 06:28:44Z INFO Terminal] WRITE LINE: 2026-09-07 06:28:44Z: Listening for Jobs
[2026-09-07 06:28:44Z INFO JobDispatcher] Set runner/worker IPC timeout to 30 seconds.
[2026-09-07 06:28:45Z INFO BrokerMessageListener] Acknowledging runner request '76cd00ef-1095-5ceb-a3d1-ad1494ffc4e0'.
[2026-09-07 06:28:46Z INFO ConfigurationStore] HasCredentials()
[2026-09-07 06:28:46Z INFO ConfigurationStore] stored True
[2026-09-07 06:28:46Z INFO CredentialManager] GetCredentialProvider
[2026-09-07 06:28:46Z INFO CredentialManager] Creating type OAuth
[2026-09-07 06:28:46Z INFO CredentialManager] Creating credential type: OAuth
[2026-09-07 06:28:46Z INFO RSAFileKeyManager] Loading RSA key parameters from file /data/cb16_ci/github-runner-canonical/.credentials_rsaparams
[2026-09-07 06:28:46Z INFO RSAFileKeyManager] Loading RSA key parameters from file /data/cb16_ci/github-runner-canonical/.credentials_rsaparams
[2026-09-07 06:28:46Z INFO RSAFileKeyManager] Loading RSA key parameters from file /data/cb16_ci/github-runner-canonical/.credentials_rsaparams
[2026-09-07 06:28:55Z INFO GitHubActionsService] AAD Correlation ID for this token request: Unknown
[2026-09-07 06:28:55Z WARN GitHubActionsService] Retrieving an AAD auth token took a long time (8.7950642 seconds)
[2026-09-07 06:29:04Z INFO JobDispatcher] Job request 0 for plan 34bf3096-3bea-4ac9-96e2-492bc166606c job 76cd00ef-1095-5ceb-a3d1-ad1494ffc4e0 received.
[2026-09-07 06:29:04Z INFO JobDispatcher] Pull OrchestrationId 34bf3096-3bea-4ac9-96e2-492bc166606c.r2-storage-qualification.__default from JWT claims
[2026-09-07 06:29:04Z INFO BrokerMessageListener] Received job status event. JobState: Busy
[2026-09-07 06:29:04Z INFO BrokerMessageListener] _getMessagesTokenSource is already disposed.
[2026-09-07 06:29:04Z INFO Terminal] WRITE LINE: 2026-09-07 06:29:04Z: Running job: r2-storage-qualification
[2026-09-07 06:29:04Z INFO JobDispatcher] Start renew job request 0 for job 76cd00ef-1095-5ceb-a3d1-ad1494ffc4e0.
[2026-09-07 06:29:12Z INFO JobDispatcher] Successfully renew job 76cd00ef-1095-5ceb-a3d1-ad1494ffc4e0, job is valid till 9/7/2026 6:39:11 AM
[2026-09-07 06:29:12Z INFO HostContext] Well known directory 'Bin': '/data/cb16_ci/github-runner-canonical/bin'
[2026-09-07 06:29:12Z INFO ProcessInvokerWrapper] Starting process:
[2026-09-07 06:29:12Z INFO ProcessInvokerWrapper]   File name: '/data/cb16_ci/github-runner-canonical/bin/Runner.Worker'
[2026-09-07 06:29:12Z INFO ProcessInvokerWrapper]   Arguments: 'spawnclient 151 154'
[2026-09-07 06:29:12Z INFO ProcessInvokerWrapper]   Working directory: '/data/cb16_ci/github-runner-canonical/bin'
[2026-09-07 06:29:12Z INFO ProcessInvokerWrapper]   Require exit code zero: 'False'
[2026-09-07 06:29:12Z INFO ProcessInvokerWrapper]   Encoding web name:  ; code page: ''
[2026-09-07 06:29:12Z INFO ProcessInvokerWrapper]   Force kill process on cancellation: 'True'
[2026-09-07 06:29:12Z INFO ProcessInvokerWrapper]   Redirected STDIN: 'False'
[2026-09-07 06:29:12Z INFO ProcessInvokerWrapper]   Persist current code page: 'False'
[2026-09-07 06:29:12Z INFO ProcessInvokerWrapper]   Keep redirected STDIN open: 'False'
[2026-09-07 06:29:12Z INFO ProcessInvokerWrapper]   High priority process: 'True'
[2026-09-07 06:29:12Z INFO ProcessInvokerWrapper] Process started with process id 3252218, waiting for process exit.
[2026-09-07 06:29:12Z INFO JobDispatcher] Send job request message to worker for job 76cd00ef-1095-5ceb-a3d1-ad1494ffc4e0.
[2026-09-07 06:29:12Z INFO ProcessChannel] Sending message of length 37481, with hash '46933004913dfa8aa036a00075b1d7c0067d2874cc88dcdd37bd8f845456ce7e'
[2026-09-07 06:29:12Z INFO JobNotification] Entering JobStarted Notification
[2026-09-07 06:29:12Z INFO JobNotification] Entering StartMonitor
[2026-09-07 06:30:12Z INFO JobDispatcher] Successfully renew job 76cd00ef-1095-5ceb-a3d1-ad1494ffc4e0, job is valid till 9/7/2026 6:40:12 AM
[2026-09-07 06:31:13Z INFO JobDispatcher] Successfully renew job 76cd00ef-1095-5ceb-a3d1-ad1494ffc4e0, job is valid till 9/7/2026 6:41:13 AM
[2026-09-07 06:32:14Z INFO JobDispatcher] Successfully renew job 76cd00ef-1095-5ceb-a3d1-ad1494ffc4e0, job is valid till 9/7/2026 6:42:13 AM
[2026-09-07 06:33:15Z INFO JobDispatcher] Successfully renew job 76cd00ef-1095-5ceb-a3d1-ad1494ffc4e0, job is valid till 9/7/2026 6:43:14 AM
[2026-09-07 06:34:15Z INFO JobDispatcher] Successfully renew job 76cd00ef-1095-5ceb-a3d1-ad1494ffc4e0, job is valid till 9/7/2026 6:44:15 AM
[2026-09-07 06:35:17Z INFO JobDispatcher] Successfully renew job 76cd00ef-1095-5ceb-a3d1-ad1494ffc4e0, job is valid till 9/7/2026 6:45:16 AM
[2026-09-07 06:36:17Z INFO JobDispatcher] Successfully renew job 76cd00ef-1095-5ceb-a3d1-ad1494ffc4e0, job is valid till 9/7/2026 6:46:17 AM
[2026-09-07 06:37:03Z INFO ProcessInvokerWrapper] STDOUT/STDERR stream read finished.
[2026-09-07 06:37:03Z INFO ProcessInvokerWrapper] STDOUT/STDERR stream read finished.
[2026-09-07 06:37:03Z INFO ProcessInvokerWrapper] Finished process 3252218 with exit code 102, and elapsed time 00:07:51.6104041.
[2026-09-07 06:37:03Z INFO JobDispatcher] Worker finished for job 76cd00ef-1095-5ceb-a3d1-ad1494ffc4e0. Code: 102
[2026-09-07 06:37:03Z INFO JobDispatcher] finish job request for job 76cd00ef-1095-5ceb-a3d1-ad1494ffc4e0 with result: Failed
[2026-09-07 06:37:03Z INFO Terminal] WRITE LINE: 2026-09-07 06:37:03Z: Job r2-storage-qualification completed with result: Failed
[2026-09-07 06:37:03Z INFO JobDispatcher] Stop renew job request for job 76cd00ef-1095-5ceb-a3d1-ad1494ffc4e0.
[2026-09-07 06:37:03Z INFO JobDispatcher] job renew has been cancelled, stop renew job 76cd00ef-1095-5ceb-a3d1-ad1494ffc4e0.
[2026-09-07 06:37:03Z INFO JobNotification] Entering JobCompleted Notification
[2026-09-07 06:37:03Z INFO JobNotification] Entering EndMonitor
[2026-09-07 06:37:03Z INFO BrokerMessageListener] Received job status event. JobState: Online
[2026-09-07 06:37:03Z WARN GitHubActionsService] GET request to https://broker.actions.githubusercontent.com/message?sessionId=c06bf810-d51c-44de-bf34-036ac98a687e&status=Busy&runnerVersion=2.337.0&os=Linux&architecture=X64&disableUpdate=false has been cancelled.
[2026-09-07 06:37:03Z ERR  BrokerServer] Catch exception during request
[2026-09-07 06:37:03Z ERR  BrokerServer] System.Threading.Tasks.TaskCanceledException: The operation was canceled.
 ---> System.Threading.Tasks.TaskCanceledException: The operation was canceled.
 ---> System.IO.IOException: Unable to read data from the transport connection: Operation canceled.
 ---> System.Net.Sockets.SocketException (125): Operation canceled
   --- End of inner exception stack trace ---
   at System.Net.Sockets.Socket.AwaitableSocketAsyncEventArgs.ThrowException(SocketError error, CancellationToken cancellationToken)
   at System.Net.Sockets.Socket.AwaitableSocketAsyncEventArgs.System.Threading.Tasks.Sources.IValueTaskSource<System.Int32>.GetResult(Int16 token)
   at System.Net.Http.HttpConnection.ReadAsync(Memory`1 destination)
   at System.Net.Http.HttpConnection.RawConnectionStream.ReadAsync(Memory`1 buffer, CancellationToken cancellationToken)
   at System.Runtime.CompilerServices.PoolingAsyncValueTaskMethodBuilder`1.StateMachineBox`1.System.Threading.Tasks.Sources.IValueTaskSource<TResult>.GetResult(Int16 token)
   at System.Net.Security.SslStream.EnsureFullTlsFrameAsync[TIOAdapter](CancellationToken cancellationToken, Int32 estimatedSize)
   at System.Runtime.CompilerServices.PoolingAsyncValueTaskMethodBuilder`1.StateMachineBox`1.System.Threading.Tasks.Sources.IValueTaskSource<TResult>.GetResult(Int16 token)
   at System.Net.Security.SslStream.ReadAsyncInternal[TIOAdapter](Memory`1 buffer, CancellationToken cancellationToken)
   at System.Runtime.CompilerServices.PoolingAsyncValueTaskMethodBuilder`1.StateMachineBox`1.System.Threading.Tasks.Sources.IValueTaskSource<TResult>.GetResult(Int16 token)
   at System.Net.Http.HttpConnection.SendAsync(HttpRequestMessage request, Boolean async, CancellationToken cancellationToken)
   --- End of inner exception stack trace ---
   at System.Net.Http.HttpConnection.SendAsync(HttpRequestMessage request, Boolean async, CancellationToken cancellationToken)
   at System.Net.Http.AuthenticationHelper.SendWithNtAuthAsync(HttpRequestMessage request, Uri authUri, Boolean async, ICredentials credentials, Boolean isProxyAuth, HttpConnection connection, HttpConnectionPool connectionPool, CancellationToken cancellationToken)
   at System.Net.Http.HttpConnectionPool.SendWithVersionDetectionAndRetryAsync(HttpRequestMessage request, Boolean async, Boolean doRequestAuth, CancellationToken cancellationToken)
   at System.Net.Http.AuthenticationHelper.SendWithAuthAsync(HttpRequestMessage request, Uri authUri, Boolean async, ICredentials credentials, Boolean preAuthenticate, Boolean isProxyAuth, Boolean doRequestAuth, HttpConnectionPool pool, CancellationToken cancellationToken)
   at System.Net.Http.RedirectHandler.SendAsync(HttpRequestMessage request, Boolean async, CancellationToken cancellationToken)
   at GitHub.Services.Common.RawHttpMessageHandler.SendAsync(HttpRequestMessage request, CancellationToken cancellationToken)
   at GitHub.Services.Common.VssHttpRetryMessageHandler.SendAsync(HttpRequestMessage request, CancellationToken cancellationToken)
   at System.Net.Http.HttpClient.<SendAsync>g__Core|83_0(HttpRequestMessage request, HttpCompletionOption completionOption, CancellationTokenSource cts, Boolean disposeCts, CancellationTokenSource pendingRequestsCts, CancellationToken originalCancellationToken)
   --- End of inner exception stack trace ---
   at System.Net.Http.HttpClient.HandleFailure(Exception e, Boolean telemetryStarted, HttpResponseMessage response, CancellationTokenSource cts, CancellationToken cancellationToken, CancellationTokenSource pendingRequestsCts)
   at System.Net.Http.HttpClient.<SendAsync>g__Core|83_0(HttpRequestMessage request, HttpCompletionOption completionOption, CancellationTokenSource cts, Boolean disposeCts, CancellationTokenSource pendingRequestsCts, CancellationToken originalCancellationToken)
   at Sdk.WebApi.WebApi.RawHttpClientBase.SendAsync(HttpRequestMessage message, HttpCompletionOption completionOption, Object userState, CancellationToken cancellationToken)
   at Sdk.WebApi.WebApi.RawHttpClientBase.SendAsync[T](HttpRequestMessage message, Boolean readErrorBody, Object userState, CancellationToken cancellationToken)
   at Sdk.WebApi.WebApi.RawHttpClientBase.SendAsync[T](HttpMethod method, IEnumerable`1 additionalHeaders, Uri requestUri, HttpContent content, IEnumerable`1 queryParameters, Boolean readErrorBody, Object userState, CancellationToken cancellationToken)
   at GitHub.Actions.RunService.WebApi.BrokerHttpClient.GetRunnerMessageAsync(Nullable`1 sessionId, String runnerVersion, Nullable`1 status, String os, String architecture, Nullable`1 disableUpdate, CancellationToken cancellationToken)
   at GitHub.Runner.Common.BrokerServer.<>c__DisplayClass7_0.<<GetRunnerMessageAsync>b__0>d.MoveNext()
--- End of stack trace from previous location ---
   at GitHub.Runner.Common.RunnerService.RetryRequest[T](Func`1 func, CancellationToken cancellationToken, Int32 maxAttempts, Func`2 shouldRetry)
[2026-09-07 06:37:03Z ERR  BrokerServer] #####################################################
[2026-09-07 06:37:03Z ERR  BrokerServer] System.Threading.Tasks.TaskCanceledException: The operation was canceled.
 ---> System.IO.IOException: Unable to read data from the transport connection: Operation canceled.
 ---> System.Net.Sockets.SocketException (125): Operation canceled
   --- End of inner exception stack trace ---
   at System.Net.Sockets.Socket.AwaitableSocketAsyncEventArgs.ThrowException(SocketError error, CancellationToken cancellationToken)
   at System.Net.Sockets.Socket.AwaitableSocketAsyncEventArgs.System.Threading.Tasks.Sources.IValueTaskSource<System.Int32>.GetResult(Int16 token)
   at System.Net.Http.HttpConnection.ReadAsync(Memory`1 destination)
   at System.Net.Http.HttpConnection.RawConnectionStream.ReadAsync(Memory`1 buffer, CancellationToken cancellationToken)
   at System.Runtime.CompilerServices.PoolingAsyncValueTaskMethodBuilder`1.StateMachineBox`1.System.Threading.Tasks.Sources.IValueTaskSource<TResult>.GetResult(Int16 token)
   at System.Net.Security.SslStream.EnsureFullTlsFrameAsync[TIOAdapter](CancellationToken cancellationToken, Int32 estimatedSize)
   at System.Runtime.CompilerServices.PoolingAsyncValueTaskMethodBuilder`1.StateMachineBox`1.System.Threading.Tasks.Sources.IValueTaskSource<TResult>.GetResult(Int16 token)
   at System.Net.Security.SslStream.ReadAsyncInternal[TIOAdapter](Memory`1 buffer, CancellationToken cancellationToken)
   at System.Runtime.CompilerServices.PoolingAsyncValueTaskMethodBuilder`1.StateMachineBox`1.System.Threading.Tasks.Sources.IValueTaskSource<TResult>.GetResult(Int16 token)
   at System.Net.Http.HttpConnection.SendAsync(HttpRequestMessage request, Boolean async, CancellationToken cancellationToken)
   --- End of inner exception stack trace ---
   at System.Net.Http.HttpConnection.SendAsync(HttpRequestMessage request, Boolean async, CancellationToken cancellationToken)
   at System.Net.Http.AuthenticationHelper.SendWithNtAuthAsync(HttpRequestMessage request, Uri authUri, Boolean async, ICredentials credentials, Boolean isProxyAuth, HttpConnection connection, HttpConnectionPool connectionPool, CancellationToken cancellationToken)
   at System.Net.Http.HttpConnectionPool.SendWithVersionDetectionAndRetryAsync(HttpRequestMessage request, Boolean async, Boolean doRequestAuth, CancellationToken cancellationToken)
   at System.Net.Http.AuthenticationHelper.SendWithAuthAsync(HttpRequestMessage request, Uri authUri, Boolean async, ICredentials credentials, Boolean preAuthenticate, Boolean isProxyAuth, Boolean doRequestAuth, HttpConnectionPool pool, CancellationToken cancellationToken)
   at System.Net.Http.RedirectHandler.SendAsync(HttpRequestMessage request, Boolean async, CancellationToken cancellationToken)
   at GitHub.Services.Common.RawHttpMessageHandler.SendAsync(HttpRequestMessage request, CancellationToken cancellationToken)
   at GitHub.Services.Common.VssHttpRetryMessageHandler.SendAsync(HttpRequestMessage request, CancellationToken cancellationToken)
   at System.Net.Http.HttpClient.<SendAsync>g__Core|83_0(HttpRequestMessage request, HttpCompletionOption completionOption, CancellationTokenSource cts, Boolean disposeCts, CancellationTokenSource pendingRequestsCts, CancellationToken originalCancellationToken)
[2026-09-07 06:37:03Z ERR  BrokerServer] #####################################################
[2026-09-07 06:37:03Z ERR  BrokerServer] System.IO.IOException: Unable to read data from the transport connection: Operation canceled.
 ---> System.Net.Sockets.SocketException (125): Operation canceled
   --- End of inner exception stack trace ---
   at System.Net.Sockets.Socket.AwaitableSocketAsyncEventArgs.ThrowException(SocketError error, CancellationToken cancellationToken)
   at System.Net.Sockets.Socket.AwaitableSocketAsyncEventArgs.System.Threading.Tasks.Sources.IValueTaskSource<System.Int32>.GetResult(Int16 token)
   at System.Net.Http.HttpConnection.ReadAsync(Memory`1 destination)
   at System.Net.Http.HttpConnection.RawConnectionStream.ReadAsync(Memory`1 buffer, CancellationToken cancellationToken)
   at System.Runtime.CompilerServices.PoolingAsyncValueTaskMethodBuilder`1.StateMachineBox`1.System.Threading.Tasks.Sources.IValueTaskSource<TResult>.GetResult(Int16 token)
   at System.Net.Security.SslStream.EnsureFullTlsFrameAsync[TIOAdapter](CancellationToken cancellationToken, Int32 estimatedSize)
   at System.Runtime.CompilerServices.PoolingAsyncValueTaskMethodBuilder`1.StateMachineBox`1.System.Threading.Tasks.Sources.IValueTaskSource<TResult>.GetResult(Int16 token)
   at System.Net.Security.SslStream.ReadAsyncInternal[TIOAdapter](Memory`1 buffer, CancellationToken cancellationToken)
   at System.Runtime.CompilerServices.PoolingAsyncValueTaskMethodBuilder`1.StateMachineBox`1.System.Threading.Tasks.Sources.IValueTaskSource<TResult>.GetResult(Int16 token)
   at System.Net.Http.HttpConnection.SendAsync(HttpRequestMessage request, Boolean async, CancellationToken cancellationToken)
[2026-09-07 06:37:03Z ERR  BrokerServer] #####################################################
[2026-09-07 06:37:03Z ERR  BrokerServer] System.Net.Sockets.SocketException (125): Operation canceled
[2026-09-07 06:37:03Z WARN BrokerServer] Back off 10.265 seconds before next retry. 4 attempt left.
[2026-09-07 06:37:03Z INFO BrokerMessageListener] Get messages has been cancelled using local token source. Continue to get messages with new status.
