{
  "all_duplicate_evidence_ids_zero": true,
  "all_materialized_evidence_set_hashes_equal": true,
  "all_metadata_mismatches_zero": true,
  "all_projection_hashes_equal": true,
  "all_projection_mismatches_zero": true,
  "final_holdout_2025_09_accessed": false,
  "generations": [
    {
      "created_payload_count": 9714,
      "duplicate_evidence_id_count": 0,
      "evidence_set_hash": "31978f3234268fe102839cf5d10d07a69dd7c257973bd162d59c3342251bd03b",
      "generation": 60,
      "legacy_object_count": 9714,
      "legacy_raw_bytes": 75346249,
      "legacy_stored_bytes": 25076594,
      "metadata_mismatch_count": 0,
      "projection_mismatch_count": 0,
      "r2_index_commit_seconds": 3.13122349511832,
      "r2_materialize_total_seconds": 6.666638883994892,
      "r2_pack_write_seconds": 0.6558685710188001,
      "r2_raw_bytes": 75161683,
      "r2_stored_bytes": 23462964,
      "reused_payload_count": 0,
      "semantic_projection_aggregate_hash": "fa52cebcc8b037ca8f8b77c37b9f9d3100eeecb8364564de14bd0ff12b863e13",
      "source_read_and_projection_seconds": 5.901135612977669,
      "unique_legacy_payload_count": 9714
    },
    {
      "created_payload_count": 0,
      "duplicate_evidence_id_count": 0,
      "evidence_set_hash": "31978f3234268fe102839cf5d10d07a69dd7c257973bd162d59c3342251bd03b",
      "generation": 61,
      "legacy_object_count": 9714,
      "legacy_raw_bytes": 75346249,
      "legacy_stored_bytes": 25074094,
      "metadata_mismatch_count": 0,
      "projection_mismatch_count": 0,
      "r2_index_commit_seconds": 0.0,
      "r2_materialize_total_seconds": 0.0,
      "r2_pack_write_seconds": 0.0,
      "r2_raw_bytes": 75161683,
      "r2_stored_bytes": 0,
      "reused_payload_count": 9714,
      "semantic_projection_aggregate_hash": "fa52cebcc8b037ca8f8b77c37b9f9d3100eeecb8364564de14bd0ff12b863e13",
      "source_read_and_projection_seconds": 5.834319348912686,
      "unique_legacy_payload_count": 9714
    }
  ],
  "legacy_generation_and_policy_authority_removed_from_r2_content": true,
  "legacy_lake_root": "/data/cb16_hdd/cb16_runtime/R10_4/experience_lake",
  "r2_store_audit": {
    "errors": [],
    "evidence_sets": 1,
    "generation_snapshots": 0,
    "pass": true,
    "payload_lanes": 1,
    "payload_objects": 9714,
    "schema": "CB16_R2_EVIDENCE_STORE_AUDIT_V1"
  },
  "r2_store_stats": {
    "evidence_catalog_objects": 9714,
    "evidence_sets": 1,
    "generation_snapshots": 0,
    "payload_objects": 9714,
    "raw_bytes": 75161683,
    "schema": "CB16_R2_EVIDENCE_STORE_STATS_V1",
    "stored_bytes": 23462964
  },
  "schema": "CB16_R2_LEGACY_MIGRATION_QUALIFICATION_V1",
  "scientific_semantics_changed": false,
  "status": "PASS",
  "writes_to_legacy_lake": false
}
