{
  "current_route_pass": false,
  "direct_bypass_candidate": true,
  "direct_route_pass": true,
  "final_holdout_2025_09_accessed": false,
  "network_install_attempted": false,
  "public_pytorch_index_present": false,
  "requirements_embedded_indexes": [],
  "route_probes": [
    {
      "direct": {
        "curl_rc": 0,
        "endpoint": {
          "host": "mirrors.volces.com",
          "path": "/pypi/simple/",
          "port": null,
          "scheme": "https",
          "userinfo_redacted": true
        },
        "http_code": "200",
        "mode": "DIRECT_NO_PROXY",
        "reachable": true,
        "stderr_class": "NONE"
      },
      "direct_recovers_proxy_failure": true,
      "endpoint": {
        "host": "mirrors.volces.com",
        "path": "/pypi/simple/",
        "port": null,
        "scheme": "https",
        "userinfo_redacted": true
      },
      "inherited": {
        "curl_rc": 56,
        "endpoint": {
          "host": "mirrors.volces.com",
          "path": "/pypi/simple/",
          "port": null,
          "scheme": "https",
          "userinfo_redacted": true
        },
        "http_code": "000",
        "mode": "INHERITED_RUNNER_PROXY_POLICY",
        "reachable": false,
        "stderr_class": "PRESENT_REDACTED"
      }
    },
    {
      "direct": {
        "curl_rc": 0,
        "endpoint": {
          "host": "mirrors.aliyun.com",
          "path": "/pytorch-wheels/cu126/",
          "port": null,
          "scheme": "https",
          "userinfo_redacted": true
        },
        "http_code": "200",
        "mode": "DIRECT_NO_PROXY",
        "reachable": true,
        "stderr_class": "NONE"
      },
      "direct_recovers_proxy_failure": true,
      "endpoint": {
        "host": "mirrors.aliyun.com",
        "path": "/pytorch-wheels/cu126/",
        "port": null,
        "scheme": "https",
        "userinfo_redacted": true
      },
      "inherited": {
        "curl_rc": 56,
        "endpoint": {
          "host": "mirrors.aliyun.com",
          "path": "/pytorch-wheels/cu126/",
          "port": null,
          "scheme": "https",
          "userinfo_redacted": true
        },
        "http_code": "000",
        "mode": "INHERITED_RUNNER_PROXY_POLICY",
        "reachable": false,
        "stderr_class": "PRESENT_REDACTED"
      }
    },
    {
      "direct": {
        "curl_rc": 0,
        "endpoint": {
          "host": "mirrors.cloud.tencent.com",
          "path": "/pypi/simple/",
          "port": null,
          "scheme": "https",
          "userinfo_redacted": true
        },
        "http_code": "200",
        "mode": "DIRECT_NO_PROXY",
        "reachable": true,
        "stderr_class": "NONE"
      },
      "direct_recovers_proxy_failure": true,
      "endpoint": {
        "host": "mirrors.cloud.tencent.com",
        "path": "/pypi/simple/",
        "port": null,
        "scheme": "https",
        "userinfo_redacted": true
      },
      "inherited": {
        "curl_rc": 56,
        "endpoint": {
          "host": "mirrors.cloud.tencent.com",
          "path": "/pypi/simple/",
          "port": null,
          "scheme": "https",
          "userinfo_redacted": true
        },
        "http_code": "000",
        "mode": "INHERITED_RUNNER_PROXY_POLICY",
        "reachable": false,
        "stderr_class": "PRESENT_REDACTED"
      }
    },
    {
      "direct": {
        "curl_rc": 0,
        "endpoint": {
          "host": "mirrors.aliyun.com",
          "path": "/pypi/simple/",
          "port": null,
          "scheme": "https",
          "userinfo_redacted": true
        },
        "http_code": "200",
        "mode": "DIRECT_NO_PROXY",
        "reachable": true,
        "stderr_class": "NONE"
      },
      "direct_recovers_proxy_failure": true,
      "endpoint": {
        "host": "mirrors.aliyun.com",
        "path": "/pypi/simple/",
        "port": null,
        "scheme": "https",
        "userinfo_redacted": true
      },
      "inherited": {
        "curl_rc": 56,
        "endpoint": {
          "host": "mirrors.aliyun.com",
          "path": "/pypi/simple/",
          "port": null,
          "scheme": "https",
          "userinfo_redacted": true
        },
        "http_code": "000",
        "mode": "INHERITED_RUNNER_PROXY_POLICY",
        "reachable": false,
        "stderr_class": "PRESENT_REDACTED"
      }
    }
  ],
  "route_summary": {
    "embedded_index_directive_count": 0,
    "index_policy": "HOST_MIRROR_REQUIRED",
    "pip_extra_index_present": true,
    "pip_find_links_present": true,
    "pip_primary_index_present": true,
    "proxy_present": true,
    "uv_extra_index_present": true,
    "uv_find_links_present": true,
    "uv_primary_index_present": true,
    "values_redacted": true
  },
  "schema": "CB16_PROVISION_HOST_MIRROR_QUALIFICATION_V2",
  "scientific_semantics_changed": false,
  "status": "FAIL_CURRENT_ROUTE"
}
