{"stage": "fitgen", "k": 12, "in_sample": 5.543131815292841e-06, "oos": 8.421930596600522e-05, "base": 8.52728624084713e-05, "ratio": 0.06581782824867143, "rel%": 1.24}
{"stage": "fitgen", "k": 24, "in_sample": 5.537377421348603e-06, "oos": 8.415547505809298e-05, "base": 8.50565187800933e-05, "ratio": 0.065799372144547, "rel%": 1.06}
{"stage": "fitgen", "k": 48, "in_sample": 5.5206622943461054e-06, "oos": 8.614539862082521e-05, "base": 8.704052706963866e-05, "ratio": 0.06408539960033934, "rel%": 1.03}
{"stage": "fitgen", "k": 96, "in_sample": 5.722790422896728e-06, "oos": 8.718950817317285e-05, "base": 8.733809759042044e-05, "ratio": 0.0656362278306504, "rel%": 0.17}
{"stage": "fitgen", "k": 142, "in_sample": 5.998103027618899e-06, "oos": 9.01975351860743e-05, "base": 8.533182521115844e-05, "ratio": 0.06649963344613605, "rel%": -5.7}

=== TRANSFER MATRIX: relative gain % (rows=train block, cols=eval block) ===
        B0        B1        B2        B3        B4        B5        
B0         --        -5.20%   -6.96%   -6.53%  -14.27%   -9.05%
B1         -4.93%   --        -7.76%   -5.55%   -5.37%   -7.69%
B2         -0.18%   -5.02%   --        -8.29%   -8.78%   -7.25%
B3         -7.15%   -4.93%   -4.42%   --        -7.02%   -4.03%
B4        -11.90%   -6.72%   -9.60%   -4.07%   --        +1.09%
B5         -5.96%   -6.58%  -12.56%   -3.75%   -2.39%   --     

=== in-sample/out-of-sample ratio ===
B0         --          0.08     0.07     0.07     0.08     0.07
B1           0.07   --          0.07     0.07     0.09     0.06
B2           0.06     0.07   --          0.07     0.08     0.06
B3           0.06     0.08     0.07   --          0.08     0.06
B4           0.06     0.07     0.06     0.07   --          0.06
B5           0.08     0.09     0.07     0.08     0.10   --     
WROTE /tmp/h516_scratch/exp5_transfer.json
EXIT=0
